Copyright 1986-2017 Xilinx, Inc. All Rights Reserved.
-----------------------------------------------------------------------------------------------------
| Tool Version : Vivado v.2017.1 (win64) Build 1846317 Fri Apr 14 18:55:03 MDT 2017
| Date         : Tue Jun 11 18:20:56 2024
| Host         : LENOVO running 64-bit major release  (build 9200)
| Command      : report_control_sets -verbose -file single_cycle_cpu_display_control_sets_placed.rpt
| Design       : single_cycle_cpu_display
| Device       : xc7a200t
-----------------------------------------------------------------------------------------------------

Control Set Information

Table of Contents
-----------------
1. Summary
2. Flip-Flop Distribution
3. Detailed Control Set Information

1. Summary
----------

+----------------------------------------------------------+-------+
|                          Status                          | Count |
+----------------------------------------------------------+-------+
| Number of unique control sets                            |    88 |
| Unused register locations in slices containing registers |   102 |
+----------------------------------------------------------+-------+


2. Flip-Flop Distribution
-------------------------

+--------------+-----------------------+------------------------+-----------------+--------------+
| Clock Enable | Synchronous Set/Reset | Asynchronous Set/Reset | Total Registers | Total Slices |
+--------------+-----------------------+------------------------+-----------------+--------------+
| No           | No                    | No                     |             101 |           49 |
| No           | No                    | Yes                    |               0 |            0 |
| No           | Yes                   | No                     |              95 |           36 |
| Yes          | No                    | No                     |             431 |          177 |
| Yes          | No                    | Yes                    |               0 |            0 |
| Yes          | Yes                   | No                     |             503 |          238 |
+--------------+-----------------------+------------------------+-----------------+--------------+


3. Detailed Control Set Information
-----------------------------------

+------------------------+-------------------------------------------------------+-------------------------------------------------------+------------------+----------------+
|      Clock Signal      |                     Enable Signal                     |                    Set/Reset Signal                   | Slice Load Count | Bel Load Count |
+------------------------+-------------------------------------------------------+-------------------------------------------------------+------------------+----------------+
|  lcd_module/clk_2_BUFG |                                                       | lcd_module/lcd_draw_module/draw_block_number1         |                1 |              1 |
|  cpu_clk               | cpu/pc[31]_i_2_n_0                                    | cpu/SR[0]                                             |                1 |              4 |
|  lcd_module/clk_2_BUFG | lcd_module/lcd_draw_module/set_xy_valid_reg_n_0       | lcd_module/lcd_draw_module/draw_block_number1         |                1 |              4 |
|  clk_IBUF_BUFG         | lcd_module/touch_module/input_value[3]_i_1_n_0        | lcd_module/touch_module/input_value[31]_i_1_n_0       |                1 |              4 |
|  lcd_module/clk_2_BUFG | lcd_module/lcd_init_module/display_x_h[4]_i_1_n_0     | lcd_module/lcd_init_module/init_display_begin0        |                3 |              5 |
|  lcd_module/clk_2_BUFG | lcd_module/lcd_init_module/init_display_begin_reg_n_0 | lcd_module/lcd_init_module/init_display_begin0        |                3 |              5 |
|  lcd_module/clk_2_BUFG | lcd_module/lcd_draw_module/draw_wr_valid0             | lcd_module/lcd_draw_module/draw_data[4]_i_1_n_0       |                2 |              5 |
|  lcd_module/clk_2_BUFG |                                                       | lcd_module/lcd_draw_module/display_count_y[4]_i_1_n_0 |                1 |              5 |
|  clk_IBUF_BUFG         |                                                       | lcd_module/touch_module/clk_count0                    |                2 |              6 |
|  lcd_module/clk_2_BUFG | lcd_module/lcd_draw_module/draw_block_end             | lcd_module/lcd_draw_module/draw_block_number0         |                3 |              6 |
|  cpu_clk               | cpu/rf_module/rf[11][7]_i_1_n_0                       |                                                       |                2 |              8 |
|  cpu_clk               | cpu/rf_module/DM_reg[10][7][0]                        |                                                       |                4 |              8 |
|  cpu_clk               | cpu/rf_module/DM_reg[17][7][0]                        |                                                       |                3 |              8 |
|  cpu_clk               | cpu/rf_module/DM_reg[21][7][0]                        |                                                       |                3 |              8 |
|  cpu_clk               | cpu/rf_module/DM_reg[24][7][0]                        |                                                       |                1 |              8 |
|  cpu_clk               | cpu/rf_module/DM_reg[25][7][0]                        |                                                       |                3 |              8 |
|  cpu_clk               | cpu/rf_module/DM_reg[26][7][0]                        |                                                       |                4 |              8 |
|  clk_IBUF_BUFG         | lcd_module/touch_module/send_byte[0]_i_1_n_0          |                                                       |                2 |              8 |
|  cpu_clk               | cpu/rf_module/DM_reg[9][7][0]                         |                                                       |                8 |              8 |
|  cpu_clk               | cpu/rf_module/DM_reg[19][7][0]                        |                                                       |                1 |              8 |
|  cpu_clk               | cpu/rf_module/DM_reg[3][7][0]                         |                                                       |                2 |              8 |
|  cpu_clk               | cpu/rf_module/rf[10][7]_i_1_n_0                       |                                                       |                2 |              8 |
|  cpu_clk               | cpu/rf_module/DM_reg[6][7][0]                         |                                                       |                2 |              8 |
|  cpu_clk               | cpu/rf_module/rf[13][7]_i_1_n_0                       |                                                       |                4 |              8 |
|  cpu_clk               | cpu/rf_module/DM_reg[8][7][0]                         |                                                       |                5 |              8 |
|  cpu_clk               | cpu/rf_module/rf[15][7]_i_1_n_0                       |                                                       |                3 |              8 |
|  cpu_clk               | cpu/rf_module/DM_reg[5][7]_1[0]                       |                                                       |                1 |              8 |
|  cpu_clk               | cpu/rf_module/rf[14][7]_i_1_n_0                       |                                                       |                5 |              8 |
|  cpu_clk               | cpu/rf_module/DM_reg[7][7][0]                         |                                                       |                3 |              8 |
|  cpu_clk               | cpu/rf_module/rf[12][7]_i_1_n_0                       |                                                       |                2 |              8 |
|  cpu_clk               | cpu/rf_module/DM_reg[4][7][0]                         |                                                       |                5 |              8 |
|  cpu_clk               | cpu/rf_module/rf[4][7]_i_1_n_0                        |                                                       |                3 |              8 |
|  lcd_module/clk_2_BUFG | lcd_module/lcd_draw_module/display_count_x[7]_i_2_n_0 | lcd_module/lcd_draw_module/display_count_x[7]_i_1_n_0 |                3 |              8 |
|  cpu_clk               | cpu/rf_module/rf[2][7]_i_1_n_0                        |                                                       |                3 |              8 |
|  cpu_clk               | cpu/rf_module/rf[6][7]_i_1_n_0                        |                                                       |                5 |              8 |
|  cpu_clk               | cpu/rf_module/rf[7][7]_i_1_n_0                        |                                                       |                6 |              8 |
|  cpu_clk               | cpu/rf_module/rf[8][7]_i_1_n_0                        |                                                       |                5 |              8 |
|  cpu_clk               | cpu/rf_module/rf[9][7]_i_1_n_0                        |                                                       |                6 |              8 |
|  cpu_clk               | cpu/rf_module/rf[1][7]_i_1_n_0                        |                                                       |                4 |              8 |
|  cpu_clk               | cpu/rf_module/rf[3][7]_i_1_n_0                        |                                                       |                5 |              8 |
|  cpu_clk               | cpu/rf_module/rf[5][7]_i_1_n_0                        |                                                       |                3 |              8 |
|  cpu_clk               | cpu/rf_module/DM_reg[28][7][0]                        |                                                       |                3 |              8 |
|  cpu_clk               | cpu/rf_module/DM_reg[16][7][0]                        |                                                       |                3 |              8 |
|  cpu_clk               | cpu/rf_module/DM_reg[11][7][0]                        |                                                       |                4 |              8 |
|  cpu_clk               | cpu/rf_module/E[0]                                    |                                                       |                5 |              8 |
|  cpu_clk               | cpu/rf_module/DM_reg[20][7][0]                        |                                                       |                3 |              8 |
|  cpu_clk               | cpu/rf_module/DM_reg[2][7][0]                         |                                                       |                3 |              8 |
|  cpu_clk               | cpu/rf_module/DM_reg[18][7][0]                        |                                                       |                3 |              8 |
|  cpu_clk               | cpu/rf_module/DM_reg[14][7][0]                        |                                                       |                2 |              8 |
|  cpu_clk               | cpu/rf_module/DM_reg[15][7][0]                        |                                                       |                3 |              8 |
|  cpu_clk               | cpu/rf_module/DM_reg[1][7][0]                         |                                                       |                3 |              8 |
|  cpu_clk               | cpu/rf_module/DM_reg[23][7][0]                        |                                                       |                2 |              8 |
|  cpu_clk               | cpu/rf_module/DM_reg[29][7][0]                        |                                                       |                1 |              8 |
|  cpu_clk               | cpu/rf_module/DM_reg[27][7][0]                        |                                                       |                4 |              8 |
|  cpu_clk               | cpu/rf_module/DM_reg[12][7][0]                        |                                                       |                1 |              8 |
|  cpu_clk               | cpu/rf_module/DM_reg[22][7][0]                        |                                                       |                2 |              8 |
|  cpu_clk               | cpu/rf_module/DM_reg[30][7]_0[0]                      |                                                       |                5 |              8 |
|  cpu_clk               | cpu/rf_module/DM_reg[31][7][0]                        |                                                       |                3 |              8 |
|  cpu_clk               | cpu/rf_module/DM_reg[13][7][0]                        |                                                       |                1 |              8 |
|  lcd_module/clk_2_BUFG |                                                       | lcd_module/lcd_draw_module/td_count_y0                |                4 |              9 |
|  lcd_module/clk_2_BUFG | lcd_module/lcd_draw_module/td_count_x[8]_i_2_n_0      | lcd_module/lcd_draw_module/td_count_x[8]_i_1_n_0      |                3 |              9 |
|  lcd_module/clk_2_BUFG | lcd_module/lcd_draw_module/draw_wr_valid0             |                                                       |                3 |             10 |
|  lcd_module/clk_2_BUFG | lcd_module/lcd_init_module/display_y0                 | lcd_module/lcd_init_module/init_display_begin0        |                6 |             10 |
|  lcd_module/clk_2_BUFG | lcd_module/lcd_init_module/sel                        | lcd_module/lcd_init_module/init_rom_pc0               |                4 |             11 |
|  clk_IBUF_BUFG         | display_name[38]_i_2_n_0                              | display_valid0                                        |                7 |             12 |
|  lcd_module/clk_2_BUFG |                                                       |                                                       |               10 |             18 |
|  clk_IBUF_BUFG         |                                                       | lcd_module/touch_module/rst_count0                    |                6 |             22 |
|  cpu_clk               | cpu/rf_module/rf[11][7]_i_1_n_0                       | cpu/rf_module/rf[11][31]_i_1_n_0                      |                9 |             24 |
|  cpu_clk               | cpu/rf_module/rf[10][7]_i_1_n_0                       | cpu/rf_module/rf[10][31]_i_1_n_0                      |               11 |             24 |
|  cpu_clk               | cpu/rf_module/rf[13][7]_i_1_n_0                       | cpu/rf_module/rf[13][31]_i_1_n_0                      |                7 |             24 |
|  cpu_clk               | cpu/rf_module/rf[15][7]_i_1_n_0                       | cpu/rf_module/rf[15][31]_i_1_n_0                      |               14 |             24 |
|  cpu_clk               | cpu/rf_module/rf[14][7]_i_1_n_0                       | cpu/rf_module/rf[14][31]_i_1_n_0                      |               11 |             24 |
|  cpu_clk               | cpu/rf_module/rf[4][7]_i_1_n_0                        | cpu/rf_module/rf[4][31]_i_1_n_0                       |               10 |             24 |
|  cpu_clk               | cpu/rf_module/rf[3][7]_i_1_n_0                        | cpu/rf_module/rf[3][31]_i_1_n_0                       |               10 |             24 |
|  cpu_clk               | cpu/rf_module/rf[1][7]_i_1_n_0                        | cpu/rf_module/rf[1][31]_i_1_n_0                       |                8 |             24 |
|  cpu_clk               | cpu/rf_module/rf[12][7]_i_1_n_0                       | cpu/rf_module/rf[12][31]_i_1_n_0                      |                9 |             24 |
|  cpu_clk               | cpu/rf_module/rf[5][7]_i_1_n_0                        | cpu/rf_module/rf[5][31]_i_1_n_0                       |               15 |             24 |
|  cpu_clk               | cpu/rf_module/rf[9][7]_i_1_n_0                        | cpu/rf_module/rf[9][31]_i_1_n_0                       |               21 |             24 |
|  cpu_clk               | cpu/rf_module/rf[8][7]_i_1_n_0                        | cpu/rf_module/rf[8][31]_i_1_n_0                       |               18 |             24 |
|  cpu_clk               | cpu/rf_module/rf[7][7]_i_1_n_0                        | cpu/rf_module/rf[7][31]_i_1_n_0                       |               16 |             24 |
|  cpu_clk               | cpu/rf_module/rf[6][7]_i_1_n_0                        | cpu/rf_module/rf[6][31]_i_1_n_0                       |               11 |             24 |
|  cpu_clk               | cpu/rf_module/rf[2][7]_i_1_n_0                        | cpu/rf_module/rf[2][31]_i_1_n_0                       |               13 |             24 |
|  clk_IBUF_BUFG         |                                                       | lcd_module/touch_module/int_o_en_reg_0                |               12 |             26 |
|  cpu_clk               |                                                       | cpu/SR[0]                                             |               10 |             26 |
|  clk_IBUF_BUFG         | lcd_module/touch_module/input_value[31]_i_2_n_0       | lcd_module/touch_module/input_value[31]_i_1_n_0       |                5 |             28 |
|  clk_IBUF_BUFG         | lcd_module/touch_module/input_valid_OBUF              | cpu/SR[0]                                             |               13 |             32 |
|  clk_IBUF_BUFG         | display_name[38]_i_2_n_0                              |                                                       |               18 |             37 |
|  clk_IBUF_BUFG         |                                                       |                                                       |               39 |             83 |
+------------------------+-------------------------------------------------------+-------------------------------------------------------+------------------+----------------+


+--------+-----------------------+
| Fanout | Number of ControlSets |
+--------+-----------------------+
| 1      |                     1 |
| 4      |                     3 |
| 5      |                     4 |
| 6      |                     2 |
| 8      |                    49 |
| 9      |                     2 |
| 10     |                     2 |
| 11     |                     1 |
| 12     |                     1 |
| 16+    |                    23 |
+--------+-----------------------+


